
> studiovault-ph@0.1.0 build
> next build

Γû▓ Next.js 16.1.6 (Turbopack)
- Environments: .env.local
- Experiments (use with caution):
  ┬╖ serverActions

  Creating an optimized production build ...
Γ£ô Compiled successfully in 17.8s
  Running TypeScript ...
  Collecting page data using 7 workers ...
  Generating static pages using 7 workers (0/103) ...
node.exe : [DashboardLayout] CRITICAL layout crash: Dynamic server usage: Route /instructor/sessions couldn't be 
rendered statically because it used `headers`. See more info here: 
https://nextjs.org/docs/messages/dynamic-server-error
At C:\Program Files\nodejs\npm.ps1:29 char:3
+   & $NODE_EXE $NPM_CLI_JS $args
+   ~~~~~~~~~~~~~~~~~~~~~~~~~~~~~
    + CategoryInfo          : NotSpecified: ([DashboardLayou...ic-server-error:String) [], RemoteException
    + FullyQualifiedErrorId : NativeCommandError
 
[getCachedStudio] Unexpected crash: Error: Dynamic server usage: Route /studio/services couldn't be rendered 
statically because it used `cookies`. See more info here: https://nextjs.org/docs/messages/dynamic-server-error
    at <unknown> (C:\Users\jason\Downloads\pilatesBridgeWebsite\.next\server\chunks\ssr\_587fb1da._.js:55:98)
    at <unknown> (C:\Users\jason\Downloads\pilatesBridgeWebsite\.next\server\chunks\ssr\_6eafb573._.js:1:10094)
    at g 
(C:\Users\jason\Downloads\pilatesBridgeWebsite\.next\server\chunks\ssr\[root-of-the-server]__6bb9fc86._.js:1:1731) {
  description: "Route /studio/services couldn't be rendered statically because it used `cookies`. See more info here: 
https://nextjs.org/docs/messages/dynamic-server-error",
  digest: 'DYNAMIC_SERVER_USAGE'
}
[DashboardLayout] CRITICAL layout crash: Dynamic server usage: Route /studio/scan couldn't be rendered statically 
because it used `headers`. See more info here: https://nextjs.org/docs/messages/dynamic-server-error
[DashboardLayout] CRITICAL layout crash: Dynamic server usage: Route /customer/bookings couldn't be rendered 
statically because it used `headers`. See more info here: https://nextjs.org/docs/messages/dynamic-server-error
[DashboardLayout] CRITICAL layout crash: Dynamic server usage: Route /admin/support couldn't be rendered statically 
because it used `headers`. See more info here: https://nextjs.org/docs/messages/dynamic-server-error
[DashboardLayout] CRITICAL layout crash: Dynamic server usage: Route /studio/customers/pricing-groups couldn't be 
rendered statically because it used `headers`. See more info here: 
https://nextjs.org/docs/messages/dynamic-server-error
[DashboardLayout] CRITICAL layout crash: Dynamic server usage: Route /studio/earnings couldn't be rendered statically 
because it used `headers`. See more info here: https://nextjs.org/docs/messages/dynamic-server-error
[DashboardLayout] CRITICAL layout crash: Dynamic server usage: Route /admin/debug couldn't be rendered statically 
because it used `headers`. See more info here: https://nextjs.org/docs/messages/dynamic-server-error
[DashboardLayout] CRITICAL layout crash: Dynamic server usage: Route /admin/partners couldn't be rendered statically 
because it used `headers`. See more info here: https://nextjs.org/docs/messages/dynamic-server-error
[DashboardLayout] CRITICAL layout crash: Dynamic server usage: Route /admin couldn't be rendered statically because it 
used `headers`. See more info here: https://nextjs.org/docs/messages/dynamic-server-error
[DashboardLayout] CRITICAL layout crash: Dynamic server usage: Route /studio/schedule couldn't be rendered statically 
because it used `headers`. See more info here: https://nextjs.org/docs/messages/dynamic-server-error
[DashboardLayout] CRITICAL layout crash: Dynamic server usage: Route /customer/onboarding couldn't be rendered 
statically because it used `headers`. See more info here: https://nextjs.org/docs/messages/dynamic-server-error
[DashboardLayout] CRITICAL layout crash: Dynamic server usage: Route /studio/sales couldn't be rendered statically 
because it used `headers`. See more info here: https://nextjs.org/docs/messages/dynamic-server-error
[DashboardLayout] CRITICAL layout crash: Dynamic server usage: Route /studio/customers/new couldn't be rendered 
statically because it used `headers`. See more info here: https://nextjs.org/docs/messages/dynamic-server-error
[DashboardLayout] CRITICAL layout crash: Dynamic server usage: Route /studio/analytics couldn't be rendered statically 
because it used `headers`. See more info here: https://nextjs.org/docs/messages/dynamic-server-error
[DashboardLayout] CRITICAL layout crash: Dynamic server usage: Route /studio/customers couldn't be rendered statically 
because it used `headers`. See more info here: https://nextjs.org/docs/messages/dynamic-server-error
  Generating static pages using 7 workers (25/103) 
[DashboardLayout] CRITICAL layout crash: Dynamic server usage: Route /studio/services/bookings couldn't be rendered 
statically because it used `headers`. See more info here: https://nextjs.org/docs/messages/dynamic-server-error
[DashboardLayout] CRITICAL layout crash: Dynamic server usage: Route /referral couldn't be rendered statically because 
it used `headers`. See more info here: https://nextjs.org/docs/messages/dynamic-server-error
[DashboardLayout] CRITICAL layout crash: Dynamic server usage: Route /studio/settings/billing couldn't be rendered 
statically because it used `headers`. See more info here: https://nextjs.org/docs/messages/dynamic-server-error
[DashboardLayout] CRITICAL layout crash: Dynamic server usage: Route /studio/services/settings couldn't be rendered 
statically because it used `headers`. See more info here: https://nextjs.org/docs/messages/dynamic-server-error
[DashboardLayout] CRITICAL layout crash: Dynamic server usage: Route /studio/customers/tags couldn't be rendered 
statically because it used `headers`. See more info here: https://nextjs.org/docs/messages/dynamic-server-error
[DashboardLayout] CRITICAL layout crash: Dynamic server usage: Route /studio/services couldn't be rendered statically 
because it used `headers`. See more info here: https://nextjs.org/docs/messages/dynamic-server-error
[DashboardLayout] CRITICAL layout crash: Dynamic server usage: Route /studio/sales/approvals couldn't be rendered 
statically because it used `headers`. See more info here: https://nextjs.org/docs/messages/dynamic-server-error
[DashboardLayout] CRITICAL layout crash: Dynamic server usage: Route /customer/onboarding/waiver couldn't be rendered 
statically because it used `headers`. See more info here: https://nextjs.org/docs/messages/dynamic-server-error
[DashboardLayout] CRITICAL layout crash: Dynamic server usage: Route /identity-conflict couldn't be rendered 
statically because it used `headers`. See more info here: https://nextjs.org/docs/messages/dynamic-server-error
[Storefront] Error fetching studio by slug: {
  requestedSlug: 'clubpilatesph',
  normalizedSlug: 'clubpilatesph',
  error: '{\n' +
    '  "code": "42703",\n' +
    '  "details": null,\n' +
    '  "hint": null,\n' +
    '  "message": "column studios.service_rates does not exist"\n' +
    '}',
  secondTryError: '{\n' +
    '  "code": "42703",\n' +
    '  "details": null,\n' +
    '  "hint": null,\n' +
    '  "message": "column studios.service_rates does not exist"\n' +
    '}'
}
[DashboardLayout] CRITICAL layout crash: Dynamic server usage: Route /studio/settings couldn't be rendered statically 
because it used `headers`. See more info here: https://nextjs.org/docs/messages/dynamic-server-error
[Storefront] Error fetching studio by slug: {
  requestedSlug: 'clubpilatesph',
  normalizedSlug: 'clubpilatesph',
  error: '{\n' +
    '  "code": "42703",\n' +
    '  "details": null,\n' +
    '  "hint": null,\n' +
    '  "message": "column studios.service_rates does not exist"\n' +
    '}',
  secondTryError: '{\n' +
    '  "code": "42703",\n' +
    '  "details": null,\n' +
    '  "hint": null,\n' +
    '  "message": "column studios.service_rates does not exist"\n' +
    '}'
}
[DashboardLayout] CRITICAL layout crash: Dynamic server usage: Route /studio/management/business couldn't be rendered 
statically because it used `headers`. See more info here: https://nextjs.org/docs/messages/dynamic-server-error
[DashboardLayout] CRITICAL layout crash: Dynamic server usage: Route /studio/management/equipments couldn't be 
rendered statically because it used `headers`. See more info here: 
https://nextjs.org/docs/messages/dynamic-server-error
[DashboardLayout] CRITICAL layout crash: Dynamic server usage: Route /studio/settings/waiver-form couldn't be rendered 
statically because it used `headers`. See more info here: https://nextjs.org/docs/messages/dynamic-server-error
[DashboardLayout] CRITICAL layout crash: Dynamic server usage: Route /studio/management/notifications couldn't be 
rendered statically because it used `headers`. See more info here: 
https://nextjs.org/docs/messages/dynamic-server-error
[DashboardLayout] CRITICAL layout crash: Dynamic server usage: Route /studio/staff couldn't be rendered statically 
because it used `headers`. See more info here: https://nextjs.org/docs/messages/dynamic-server-error
[DashboardLayout] CRITICAL layout crash: Dynamic server usage: Route /studio/history couldn't be rendered statically 
because it used `headers`. See more info here: https://nextjs.org/docs/messages/dynamic-server-error
[DashboardLayout] CRITICAL layout crash: Dynamic server usage: Route /studio/loyalty-insights couldn't be rendered 
statically because it used `headers`. See more info here: https://nextjs.org/docs/messages/dynamic-server-error
[DashboardLayout] CRITICAL layout crash: Dynamic server usage: Route /customer couldn't be rendered statically because 
it used `headers`. See more info here: https://nextjs.org/docs/messages/dynamic-server-error
[DashboardLayout] CRITICAL layout crash: Dynamic server usage: Route /debug couldn't be rendered statically because it 
used `headers`. See more info here: https://nextjs.org/docs/messages/dynamic-server-error
[DashboardLayout] CRITICAL layout crash: Dynamic server usage: Route /customer/wallet couldn't be rendered statically 
because it used `headers`. See more info here: https://nextjs.org/docs/messages/dynamic-server-error
[DashboardLayout] CRITICAL layout crash: Dynamic server usage: Route /studio/management/health couldn't be rendered 
statically because it used `headers`. See more info here: https://nextjs.org/docs/messages/dynamic-server-error
[DashboardLayout] CRITICAL layout crash: Dynamic server usage: Route /customer/payout couldn't be rendered statically 
because it used `headers`. See more info here: https://nextjs.org/docs/messages/dynamic-server-error
[DashboardLayout] CRITICAL layout crash: Dynamic server usage: Route /studio/inventory couldn't be rendered statically 
because it used `headers`. See more info here: https://nextjs.org/docs/messages/dynamic-server-error
[DashboardLayout] CRITICAL layout crash: Dynamic server usage: Route /customer/profile couldn't be rendered statically 
because it used `headers`. See more info here: https://nextjs.org/docs/messages/dynamic-server-error
[Storefront] Error fetching studio by slug: {
  requestedSlug: 'clubpilatesph',
  normalizedSlug: 'clubpilatesph',
  error: '{\n' +
    '  "code": "42703",\n' +
    '  "details": null,\n' +
    '  "hint": null,\n' +
    '  "message": "column studios.service_rates does not exist"\n' +
    '}',
  secondTryError: '{\n' +
    '  "code": "42703",\n' +
    '  "details": null,\n' +
    '  "hint": null,\n' +
    '  "message": "column studios.service_rates does not exist"\n' +
    '}'
}
  Generating static pages using 7 workers (51/103) 
[DashboardLayout] CRITICAL layout crash: Dynamic server usage: Route /studio/settings/marketplace couldn't be rendered 
statically because it used `headers`. See more info here: https://nextjs.org/docs/messages/dynamic-server-error
[DashboardLayout] CRITICAL layout crash: Dynamic server usage: Route /studio/management/outlets couldn't be rendered 
statically because it used `headers`. See more info here: https://nextjs.org/docs/messages/dynamic-server-error
[Storefront] Error fetching studio by slug: {
  requestedSlug: 'clubpilatesph',
  normalizedSlug: 'clubpilatesph',
  error: '{\n' +
    '  "code": "42703",\n' +
    '  "details": null,\n' +
    '  "hint": null,\n' +
    '  "message": "column studios.service_rates does not exist"\n' +
    '}',
  secondTryError: '{\n' +
    '  "code": "42703",\n' +
    '  "details": null,\n' +
    '  "hint": null,\n' +
    '  "message": "column studios.service_rates does not exist"\n' +
    '}'
}
[DashboardLayout] CRITICAL layout crash: Dynamic server usage: Route /studio/settings/wallet couldn't be rendered 
statically because it used `headers`. See more info here: https://nextjs.org/docs/messages/dynamic-server-error
[DashboardLayout] CRITICAL layout crash: Dynamic server usage: Route /instructor/earnings couldn't be rendered 
statically because it used `headers`. See more info here: https://nextjs.org/docs/messages/dynamic-server-error
[DashboardLayout] CRITICAL layout crash: Dynamic server usage: Route /welcome couldn't be rendered statically because 
it used `headers`. See more info here: https://nextjs.org/docs/messages/dynamic-server-error
[DashboardLayout] CRITICAL layout crash: Dynamic server usage: Route /studio/website couldn't be rendered statically 
because it used `headers`. See more info here: https://nextjs.org/docs/messages/dynamic-server-error
[getCachedStudio] Unexpected crash: Error: Dynamic server usage: Route /studio/management/tax-settings couldn't be 
rendered statically because it used `cookies`. See more info here: 
https://nextjs.org/docs/messages/dynamic-server-error
    at <unknown> (C:\Users\jason\Downloads\pilatesBridgeWebsite\.next\server\chunks\ssr\_587fb1da._.js:55:98)
    at <unknown> (C:\Users\jason\Downloads\pilatesBridgeWebsite\.next\server\chunks\ssr\_6eafb573._.js:1:10094)
    at e 
(C:\Users\jason\Downloads\pilatesBridgeWebsite\.next\server\chunks\ssr\[root-of-the-server]__09e5d578._.js:1:1664) {
  description: "Route /studio/management/tax-settings couldn't be rendered statically because it used `cookies`. See 
more info here: https://nextjs.org/docs/messages/dynamic-server-error",
  digest: 'DYNAMIC_SERVER_USAGE'
}
[DashboardLayout] CRITICAL layout crash: Dynamic server usage: Route /studio/management/staff/members couldn't be 
rendered statically because it used `headers`. See more info here: 
https://nextjs.org/docs/messages/dynamic-server-error
[DashboardLayout] CRITICAL layout crash: Dynamic server usage: Route /instructor/payout couldn't be rendered 
statically because it used `headers`. See more info here: https://nextjs.org/docs/messages/dynamic-server-error
[DashboardLayout] CRITICAL layout crash: Dynamic server usage: Route /studio/marketing/email couldn't be rendered 
statically because it used `headers`. See more info here: https://nextjs.org/docs/messages/dynamic-server-error
[DashboardLayout] CRITICAL layout crash: Dynamic server usage: Route /studio/management/staff/members/add couldn't be 
rendered statically because it used `headers`. See more info here: 
https://nextjs.org/docs/messages/dynamic-server-error
[DashboardLayout] CRITICAL layout crash: Dynamic server usage: Route /studio/management/staff/roles couldn't be 
rendered statically because it used `headers`. See more info here: 
https://nextjs.org/docs/messages/dynamic-server-error
[DashboardLayout] CRITICAL layout crash: Dynamic server usage: Route /instructor/onboarding couldn't be rendered 
statically because it used `headers`. See more info here: https://nextjs.org/docs/messages/dynamic-server-error
  Generating static pages using 7 workers (77/103) 
[DashboardLayout] CRITICAL layout crash: Dynamic server usage: Route /studio/management/tax-settings couldn't be 
rendered statically because it used `headers`. See more info here: 
https://nextjs.org/docs/messages/dynamic-server-error
[DashboardLayout] CRITICAL layout crash: Dynamic server usage: Route /instructor couldn't be rendered statically 
because it used `headers`. See more info here: https://nextjs.org/docs/messages/dynamic-server-error
[DashboardLayout] CRITICAL layout crash: Dynamic server usage: Route /instructor/schedule couldn't be rendered 
statically because it used `headers`. See more info here: https://nextjs.org/docs/messages/dynamic-server-error
[DashboardLayout] CRITICAL layout crash: Dynamic server usage: Route /instructor/profile couldn't be rendered 
statically because it used `headers`. See more info here: https://nextjs.org/docs/messages/dynamic-server-error
[DashboardLayout] CRITICAL layout crash: Dynamic server usage: Route /studio/onboarding/plan couldn't be rendered 
statically because it used `headers`. See more info here: https://nextjs.org/docs/messages/dynamic-server-error
[DashboardLayout] CRITICAL layout crash: Dynamic server usage: Route /studio/marketing couldn't be rendered statically 
because it used `headers`. See more info here: https://nextjs.org/docs/messages/dynamic-server-error
[DashboardLayout] CRITICAL layout crash: Dynamic server usage: Route /studio/online-store/blog couldn't be rendered 
statically because it used `headers`. See more info here: https://nextjs.org/docs/messages/dynamic-server-error
[DashboardLayout] CRITICAL layout crash: Dynamic server usage: Route /studio/online-store/faq couldn't be rendered 
statically because it used `headers`. See more info here: https://nextjs.org/docs/messages/dynamic-server-error
[DashboardLayout] CRITICAL layout crash: Dynamic server usage: Route /studio/online-store/domains couldn't be rendered 
statically because it used `headers`. See more info here: https://nextjs.org/docs/messages/dynamic-server-error
[DashboardLayout] CRITICAL layout crash: Dynamic server usage: Route /studio/online-store/navigation couldn't be 
rendered statically because it used `headers`. See more info here: 
https://nextjs.org/docs/messages/dynamic-server-error
[DashboardLayout] CRITICAL layout crash: Dynamic server usage: Route /studio/online-store/legal couldn't be rendered 
statically because it used `headers`. See more info here: https://nextjs.org/docs/messages/dynamic-server-error
[DashboardLayout] CRITICAL layout crash: Dynamic server usage: Route /studio/online-store couldn't be rendered 
statically because it used `headers`. See more info here: https://nextjs.org/docs/messages/dynamic-server-error
[getCachedStudio] Unexpected crash: Error: Dynamic server usage: Route /studio couldn't be rendered statically because 
it used `cookies`. See more info here: https://nextjs.org/docs/messages/dynamic-server-error
    at <unknown> (C:\Users\jason\Downloads\pilatesBridgeWebsite\.next\server\chunks\ssr\_587fb1da._.js:55:98)
    at <unknown> (C:\Users\jason\Downloads\pilatesBridgeWebsite\.next\server\chunks\ssr\_6eafb573._.js:1:10094)
    at Module.q 
(C:\Users\jason\Downloads\pilatesBridgeWebsite\.next\server\chunks\ssr\[root-of-the-server]__43fdbb08._.js:1:19453) {
  description: "Route /studio couldn't be rendered statically because it used `cookies`. See more info here: 
https://nextjs.org/docs/messages/dynamic-server-error",
  digest: 'DYNAMIC_SERVER_USAGE'
}
[getCachedStudio] Unexpected crash: Error: Dynamic server usage: Route /studio/pricing couldn't be rendered statically 
because it used `cookies`. See more info here: https://nextjs.org/docs/messages/dynamic-server-error
    at <unknown> (C:\Users\jason\Downloads\pilatesBridgeWebsite\.next\server\chunks\ssr\_587fb1da._.js:55:98)
    at <unknown> (C:\Users\jason\Downloads\pilatesBridgeWebsite\.next\server\chunks\ssr\_6eafb573._.js:1:10094)
    at h 
(C:\Users\jason\Downloads\pilatesBridgeWebsite\.next\server\chunks\ssr\[root-of-the-server]__ff573b7e._.js:1:3385) {
  description: "Route /studio/pricing couldn't be rendered statically because it used `cookies`. See more info here: 
https://nextjs.org/docs/messages/dynamic-server-error",
  digest: 'DYNAMIC_SERVER_USAGE'
}
[getCachedStudio] Unexpected crash: Error: Dynamic server usage: Route /studio/promo couldn't be rendered statically 
because it used `cookies`. See more info here: https://nextjs.org/docs/messages/dynamic-server-error
    at <unknown> (C:\Users\jason\Downloads\pilatesBridgeWebsite\.next\server\chunks\ssr\_587fb1da._.js:55:98)
    at <unknown> (C:\Users\jason\Downloads\pilatesBridgeWebsite\.next\server\chunks\ssr\_6eafb573._.js:1:10094)
    at g 
(C:\Users\jason\Downloads\pilatesBridgeWebsite\.next\server\chunks\ssr\[root-of-the-server]__f07baf8a._.js:1:1705) {
  description: "Route /studio/promo couldn't be rendered statically because it used `cookies`. See more info here: 
https://nextjs.org/docs/messages/dynamic-server-error",
  digest: 'DYNAMIC_SERVER_USAGE'
}
[DashboardLayout] CRITICAL layout crash: Dynamic server usage: Route /studio/online-store/payments couldn't be 
rendered statically because it used `headers`. See more info here: 
https://nextjs.org/docs/messages/dynamic-server-error
[DashboardLayout] CRITICAL layout crash: Dynamic server usage: Route /studio/online-store/policies couldn't be 
rendered statically because it used `headers`. See more info here: 
https://nextjs.org/docs/messages/dynamic-server-error
[DashboardLayout] CRITICAL layout crash: Dynamic server usage: Route /studio couldn't be rendered statically because 
it used `headers`. See more info here: https://nextjs.org/docs/messages/dynamic-server-error
[getCachedStudio] Unexpected crash: Error: Dynamic server usage: Route /studio couldn't be rendered statically because 
it used `cookies`. See more info here: https://nextjs.org/docs/messages/dynamic-server-error
    at <unknown> (C:\Users\jason\Downloads\pilatesBridgeWebsite\.next\server\chunks\ssr\_587fb1da._.js:55:98)
    at <unknown> (C:\Users\jason\Downloads\pilatesBridgeWebsite\.next\server\chunks\ssr\_6eafb573._.js:1:10094)
    at Module.q 
(C:\Users\jason\Downloads\pilatesBridgeWebsite\.next\server\chunks\ssr\[root-of-the-server]__43fdbb08._.js:1:19453) {
  description: "Route /studio couldn't be rendered statically because it used `cookies`. See more info here: 
https://nextjs.org/docs/messages/dynamic-server-error",
  digest: 'DYNAMIC_SERVER_USAGE'
}
[DashboardLayout] CRITICAL layout crash: Dynamic server usage: Route /studio/online-store/theme couldn't be rendered 
statically because it used `headers`. See more info here: https://nextjs.org/docs/messages/dynamic-server-error
[DashboardLayout] CRITICAL layout crash: Dynamic server usage: Route /studio/pricing couldn't be rendered statically 
because it used `headers`. See more info here: https://nextjs.org/docs/messages/dynamic-server-error
[DashboardLayout] CRITICAL layout crash: Dynamic server usage: Route /studio/online-store/waiver-form couldn't be 
rendered statically because it used `headers`. See more info here: 
https://nextjs.org/docs/messages/dynamic-server-error
[DashboardLayout] CRITICAL layout crash: Dynamic server usage: Route /studio/online-store/widgets couldn't be rendered 
statically because it used `headers`. See more info here: https://nextjs.org/docs/messages/dynamic-server-error
[DashboardLayout] CRITICAL layout crash: Dynamic server usage: Route /studio/promo couldn't be rendered statically 
because it used `headers`. See more info here: https://nextjs.org/docs/messages/dynamic-server-error
[DashboardLayout] CRITICAL layout crash: Dynamic server usage: Route /studio/reports/payroll couldn't be rendered 
statically because it used `headers`. See more info here: https://nextjs.org/docs/messages/dynamic-server-error
[DashboardLayout] CRITICAL layout crash: Dynamic server usage: Route /studio/register couldn't be rendered statically 
because it used `headers`. See more info here: https://nextjs.org/docs/messages/dynamic-server-error
[DashboardLayout] CRITICAL layout crash: Dynamic server usage: Route /studio/reports couldn't be rendered statically 
because it used `headers`. See more info here: https://nextjs.org/docs/messages/dynamic-server-error
[DashboardLayout] CRITICAL layout crash: Dynamic server usage: Route /studio/referrals couldn't be rendered statically 
because it used `headers`. See more info here: https://nextjs.org/docs/messages/dynamic-server-error
[DashboardLayout] CRITICAL layout crash: Dynamic server usage: Route /studio/reports/statements couldn't be rendered 
statically because it used `headers`. See more info here: https://nextjs.org/docs/messages/dynamic-server-error
Γ£ô Generating static pages using 7 workers (103/103) in 2.8s
  Finalizing page optimization ...

Route (app)
Γöî ╞Æ /
Γö£ Γùï /_not-found
Γö£ ╞Æ /admin
Γö£ ╞Æ /admin/debug
Γö£ ╞Æ /admin/partners
Γö£ ╞Æ /admin/support
Γö£ ╞Æ /api/ai/content-assist
Γö£ ╞Æ /api/auth/send-email
Γö£ ╞Æ /api/chat
Γö£ ╞Æ /api/chat/storefront
Γö£ ╞Æ /api/cron/auto-process
Γö£ ╞Æ /api/cron/document-expiry
Γö£ ╞Æ /api/cron/reconcile-wallets
Γö£ ╞Æ /api/system/log-error
Γö£ ╞Æ /api/webhooks/xendit
Γö£ ╞Æ /auth/callback
Γö£ ╞Æ /builder/[studioId]
Γö£ ╞Æ /cms-home
Γö£ ╞Æ /contact-us
Γö£ ╞Æ /customer
Γö£ ╞Æ /customer/bookings
Γö£ ╞Æ /customer/onboarding
Γö£ ╞Æ /customer/onboarding/waiver
Γö£ ╞Æ /customer/payment-plans/[id]
Γö£ ╞Æ /customer/payment/[id]
Γö£ ╞Æ /customer/payment/top-up/[id]
Γö£ ╞Æ /customer/payout
Γö£ ╞Æ /customer/profile
Γö£ ╞Æ /customer/wallet
Γö£ ╞Æ /debug
Γö£ Γùï /demo-components
Γö£ ╞Æ /forgot-password
Γö£ Γùï /icon.png
Γö£ ╞Æ /identity-conflict
Γö£ ╞Æ /instructor
Γö£ ╞Æ /instructor/earnings
Γö£ ╞Æ /instructor/onboarding
Γö£ ╞Æ /instructor/payment/[id]
Γö£ ╞Æ /instructor/payout
Γö£ ╞Æ /instructor/profile
Γö£ ╞Æ /instructor/schedule
Γö£ ╞Æ /instructor/sessions
Γö£ ╞Æ /instructors/[id]
Γö£ ╞Æ /login
Γö£ ╞Æ /pricing
Γö£ ╞Æ /privacy
Γö£ ╞Æ /product/website-builder
Γö£ ╞Æ /referral
Γö£ ╞Æ /s/[slug]
Γö£ ╞Æ /s/[slug]/[branchSlug]
Γö£ ╞Æ /s/[slug]/[branchSlug]/blog/[postSlug]
Γö£ ╞Æ /s/[slug]/[branchSlug]/class/[slotId]
Γö£ ╞Æ /s/[slug]/[branchSlug]/dashboard
Γö£ ╞Æ /s/[slug]/[branchSlug]/faq
Γö£ ╞Æ /s/[slug]/[branchSlug]/memberships
Γö£ ╞Æ /s/[slug]/[branchSlug]/packages
Γö£ ╞Æ /s/[slug]/[branchSlug]/pricing
Γö£ ╞Æ /s/[slug]/[branchSlug]/schedule
Γö£ ╞Æ /s/[slug]/dashboard
Γö£ ╞Æ /s/[slug]/faq
Γö£ ╞Æ /s/[slug]/memberships
Γö£ ╞Æ /s/[slug]/onboarding
Γö£ ╞Æ /s/[slug]/onboarding/waiver
Γö£ ╞Æ /s/[slug]/packages
Γö£ ╞Æ /s/[slug]/policies/[type]
Γö£ ╞Æ /s/[slug]/pricing
Γö£ ╞Æ /s/[slug]/schedule
Γö£ ╞Æ /studio
Γö£ ╞Æ /studio/[outletId]
Γö£ ╞Æ /studio/[outletId]/management/outlets
Γö£ ╞Æ /studio/[outletId]/management/staff/members
Γö£ ╞Æ /studio/[outletId]/reports
Γö£ ╞Æ /studio/[outletId]/schedule
Γö£ ╞Æ /studio/analytics
Γö£ ╞Æ /studio/customers
Γö£ ╞Æ /studio/customers/[id]
Γö£ ╞Æ /studio/customers/new
Γö£ ╞Æ /studio/customers/pricing-groups
Γö£ ╞Æ /studio/customers/tags
Γö£ ╞Æ /studio/earnings
Γö£ ╞Æ /studio/history
Γö£ ╞Æ /studio/inventory
Γö£ ╞Æ /studio/loyalty-insights
Γö£ ╞Æ /studio/management/business
Γö£ ╞Æ /studio/management/equipments
Γö£ ╞Æ /studio/management/health
Γö£ ╞Æ /studio/management/notifications
Γö£ ╞Æ /studio/management/outlets
Γö£ ╞Æ /studio/management/staff/members
Γö£ ╞Æ /studio/management/staff/members/add
Γö£ ╞Æ /studio/management/staff/roles
Γö£ ╞Æ /studio/management/tax-settings
Γö£ ╞Æ /studio/marketing
Γö£ ╞Æ /studio/marketing/email
Γö£ ╞Æ /studio/onboarding/plan
Γö£ ╞Æ /studio/online-store
Γö£ ╞Æ /studio/online-store/blog
Γö£ ╞Æ /studio/online-store/domains
Γö£ ╞Æ /studio/online-store/faq
Γö£ ╞Æ /studio/online-store/legal
Γö£ ╞Æ /studio/online-store/navigation
Γö£ ╞Æ /studio/online-store/payments
Γö£ ╞Æ /studio/online-store/policies
Γö£ ╞Æ /studio/online-store/theme
Γö£ ╞Æ /studio/online-store/waiver-form
Γö£ ╞Æ /studio/online-store/widgets
Γö£ ╞Æ /studio/pricing
Γö£ ╞Æ /studio/promo
Γö£ ╞Æ /studio/referrals
Γö£ ╞Æ /studio/register
Γö£ ╞Æ /studio/reports
Γö£ ╞Æ /studio/reports/payroll
Γö£ ╞Æ /studio/reports/statements
Γö£ ╞Æ /studio/sales
Γö£ ╞Æ /studio/sales/approvals
Γö£ ╞Æ /studio/scan
Γö£ ╞Æ /studio/schedule
Γö£ ╞Æ /studio/services
Γö£ ╞Æ /studio/services/bookings
Γö£ ╞Æ /studio/services/settings
Γö£ ╞Æ /studio/settings
Γö£ ╞Æ /studio/settings/[...slug]
Γö£ ╞Æ /studio/settings/billing
Γö£ ╞Æ /studio/settings/marketplace
Γö£ ╞Æ /studio/settings/waiver-form
Γö£ ╞Æ /studio/settings/wallet
Γö£ ╞Æ /studio/staff
Γö£ ╞Æ /studio/website
Γö£ ╞Æ /studios/[id]
Γö£ ╞Æ /support
Γö£ ╞Æ /temp-ui-test
Γö£ ╞Æ /terms-of-service
Γö£ ╞Æ /update-password
Γö£ ╞Æ /verified
Γöö ╞Æ /welcome


Γùï  (Static)   prerendered as static content
╞Æ  (Dynamic)  server-rendered on demand

